2025-11-02 17:13:24.294 | INFO     | __main__:main:74 - Starting price tracking task...
2025-11-02 17:13:24.295 | INFO     | __main__:get_product_price:37 - Fetching price for https://www.trendyol.com/adidas/kadin-pembe-sneaker-handball-spezial-w-js0250-p-893281378
2025-11-02 17:13:25.105 | ERROR    | __main__:get_product_price:62 - Error fetching https://www.trendyol.com/adidas/kadin-pembe-sneaker-handball-spezial-w-js0250-p-893281378: 401 Client Error: Unauthorized for url: http://api.scraperapi.com/?api_key=YOUR_SCRAPER_API_KEY&url=https%3A%2F%2Fwww.trendyol.com%2Fadidas%2Fkadin-pembe-sneaker-handball-spezial-w-js0250-p-893281378
2025-11-02 17:13:30.106 | INFO     | __main__:get_product_price:37 - Fetching price for https://www.trendyol.com/adidas/vl-court-3-0-ayakkabi-p-828498275
2025-11-02 17:13:31.044 | ERROR    | __main__:get_product_price:62 - Error fetching https://www.trendyol.com/adidas/vl-court-3-0-ayakkabi-p-828498275: 401 Client Error: Unauthorized for url: http://api.scraperapi.com/?api_key=YOUR_SCRAPER_API_KEY&url=https%3A%2F%2Fwww.trendyol.com%2Fadidas%2Fvl-court-3-0-ayakkabi-p-828498275
2025-11-02 17:13:36.045 | INFO     | __main__:get_product_price:37 - Fetching price for https://www.trendyol.com/dark-seer/beyaz-mavi-unisex-sneaker-p-35839749
2025-11-02 17:13:36.135 | ERROR    | __main__:get_product_price:62 - Error fetching https://www.trendyol.com/dark-seer/beyaz-mavi-unisex-sneaker-p-35839749: 401 Client Error: Unauthorized for url: http://api.scraperapi.com/?api_key=YOUR_SCRAPER_API_KEY&url=https%3A%2F%2Fwww.trendyol.com%2Fdark-seer%2Fbeyaz-mavi-unisex-sneaker-p-35839749
2025-11-02 17:13:41.136 | INFO     | __main__:get_product_price:37 - Fetching price for https://www.trendyol.com/dark-seer/beyaz-unisex-sneaker-p-42713792
2025-11-02 17:13:41.583 | ERROR    | __main__:get_product_price:62 - Error fetching https://www.trendyol.com/dark-seer/beyaz-unisex-sneaker-p-42713792: 401 Client Error: Unauthorized for url: http://api.scraperapi.com/?api_key=YOUR_SCRAPER_API_KEY&url=https%3A%2F%2Fwww.trendyol.com%2Fdark-seer%2Fbeyaz-unisex-sneaker-p-42713792
2025-11-02 17:13:46.584 | INFO     | __main__:get_product_price:37 - Fetching price for https://www.trendyol.com/dark-seer/ds-ruby-suet-bej-taba-kadin-sneaker-p-940758882
2025-11-02 17:13:46.820 | ERROR    | __main__:get_product_price:62 - Error fetching https://www.trendyol.com/dark-seer/ds-ruby-suet-bej-taba-kadin-sneaker-p-940758882: 401 Client Error: Unauthorized for url: http://api.scraperapi.com/?api_key=YOUR_SCRAPER_API_KEY&url=https%3A%2F%2Fwww.trendyol.com%2Fdark-seer%2Fds-ruby-suet-bej-taba-kadin-sneaker-p-940758882
2025-11-02 17:13:51.821 | INFO     | __main__:get_product_price:37 - Fetching price for https://www.trendyol.com/dark-seer/ds-storm-beyaz-pudra-unisex-sneaker-p-898534796
2025-11-02 17:13:52.074 | ERROR    | __main__:get_product_price:62 - Error fetching https://www.trendyol.com/dark-seer/ds-storm-beyaz-pudra-unisex-sneaker-p-898534796: 401 Client Error: Unauthorized for url: http://api.scraperapi.com/?api_key=YOUR_SCRAPER_API_KEY&url=https%3A%2F%2Fwww.trendyol.com%2Fdark-seer%2Fds-storm-beyaz-pudra-unisex-sneaker-p-898534796
2025-11-02 17:13:57.075 | INFO     | __main__:get_product_price:37 - Fetching price for https://www.trendyol.com/dark-seer/ds-storm-beyaz-siyah-unisex-sneaker-p-898536601
2025-11-02 17:14:03.366 | ERROR    | __main__:get_product_price:62 - Error fetching https://www.trendyol.com/dark-seer/ds-storm-beyaz-siyah-unisex-sneaker-p-898536601: 401 Client Error: Unauthorized for url: http://api.scraperapi.com/?api_key=YOUR_SCRAPER_API_KEY&url=https%3A%2F%2Fwww.trendyol.com%2Fdark-seer%2Fds-storm-beyaz-siyah-unisex-sneaker-p-898536601
2025-11-02 17:14:08.367 | INFO     | __main__:get_product_price:37 - Fetching price for https://www.trendyol.com/dark-seer/ds-storm-siyah-siyah-unisex-sneaker-p-944364041
2025-11-02 17:14:08.476 | ERROR    | __main__:get_product_price:62 - Error fetching https://www.trendyol.com/dark-seer/ds-storm-siyah-siyah-unisex-sneaker-p-944364041: 401 Client Error: Unauthorized for url: http://api.scraperapi.com/?api_key=YOUR_SCRAPER_API_KEY&url=https%3A%2F%2Fwww.trendyol.com%2Fdark-seer%2Fds-storm-siyah-siyah-unisex-sneaker-p-944364041
2025-11-02 17:14:13.477 | INFO     | __main__:get_product_price:37 - Fetching price for https://www.trendyol.com/dark-seer/kadin-beyaz-pudra-sneaker-p-35839784
2025-11-02 17:14:15.230 | ERROR    | __main__:get_product_price:62 - Error fetching https://www.trendyol.com/dark-seer/kadin-beyaz-pudra-sneaker-p-35839784: 401 Client Error: Unauthorized for url: http://api.scraperapi.com/?api_key=YOUR_SCRAPER_API_KEY&url=https%3A%2F%2Fwww.trendyol.com%2Fdark-seer%2Fkadin-beyaz-pudra-sneaker-p-35839784
2025-11-02 17:14:20.230 | INFO     | __main__:get_product_price:37 - Fetching price for https://www.trendyol.com/dark-seer/kadin-beyaz-pudra-sneaker-p-68329560
2025-11-02 17:14:20.405 | ERROR    | __main__:get_product_price:62 - Error fetching https://www.trendyol.com/dark-seer/kadin-beyaz-pudra-sneaker-p-68329560: 401 Client Error: Unauthorized for url: http://api.scraperapi.com/?api_key=YOUR_SCRAPER_API_KEY&url=https%3A%2F%2Fwww.trendyol.com%2Fdark-seer%2Fkadin-beyaz-pudra-sneaker-p-68329560
2025-11-02 17:14:25.406 | INFO     | __main__:get_product_price:37 - Fetching price for https://www.trendyol.com/dark-seer/siyah-kadin-sneaker-p-88390091
2025-11-02 17:14:26.030 | ERROR    | __main__:get_product_price:62 - Error fetching https://www.trendyol.com/dark-seer/siyah-kadin-sneaker-p-88390091: 401 Client Error: Unauthorized for url: http://api.scraperapi.com/?api_key=YOUR_SCRAPER_API_KEY&url=https%3A%2F%2Fwww.trendyol.com%2Fdark-seer%2Fsiyah-kadin-sneaker-p-88390091
2025-11-02 17:14:31.030 | INFO     | __main__:get_product_price:37 - Fetching price for https://www.trendyol.com/dark-seer/siyah-unisex-sneaker-p-42713791
2025-11-02 17:14:31.440 | ERROR    | __main__:get_product_price:62 - Error fetching https://www.trendyol.com/dark-seer/siyah-unisex-sneaker-p-42713791: 401 Client Error: Unauthorized for url: http://api.scraperapi.com/?api_key=YOUR_SCRAPER_API_KEY&url=https%3A%2F%2Fwww.trendyol.com%2Fdark-seer%2Fsiyah-unisex-sneaker-p-42713791
2025-11-02 17:14:36.441 | INFO     | __main__:get_product_price:37 - Fetching price for https://www.trendyol.com/devida/kadin-beyaz-spor-ayakkabi-gunluk-rahat-kaymaz-air-taban-sneaker-n110-p-825290484
2025-11-02 17:14:37.363 | ERROR    | __main__:get_product_price:62 - Error fetching https://www.trendyol.com/devida/kadin-beyaz-spor-ayakkabi-gunluk-rahat-kaymaz-air-taban-sneaker-n110-p-825290484: 401 Client Error: Unauthorized for url: http://api.scraperapi.com/?api_key=YOUR_SCRAPER_API_KEY&url=https%3A%2F%2Fwww.trendyol.com%2Fdevida%2Fkadin-beyaz-spor-ayakkabi-gunluk-rahat-kaymaz-air-taban-sneaker-n110-p-825290484
2025-11-02 17:14:42.363 | INFO     | __main__:get_product_price:37 - Fetching price for https://www.trendyol.com/genel-markalar/happy-valentines-day-kirazli-snaker-p-889335898
2025-11-02 17:14:43.412 | ERROR    | __main__:get_product_price:62 - Error fetching https://www.trendyol.com/genel-markalar/happy-valentines-day-kirazli-snaker-p-889335898: 401 Client Error: Unauthorized for url: http://api.scraperapi.com/?api_key=YOUR_SCRAPER_API_KEY&url=https%3A%2F%2Fwww.trendyol.com%2Fgenel-markalar%2Fhappy-valentines-day-kirazli-snaker-p-889335898
2025-11-02 17:14:48.413 | INFO     | __main__:get_product_price:37 - Fetching price for https://www.trendyol.com/pasyone/bej-kadin-sneaker-gunluk-ayakkabi-p-831888656
2025-11-02 17:14:49.760 | ERROR    | __main__:get_product_price:62 - Error fetching https://www.trendyol.com/pasyone/bej-kadin-sneaker-gunluk-ayakkabi-p-831888656: 401 Client Error: Unauthorized for url: http://api.scraperapi.com/?api_key=YOUR_SCRAPER_API_KEY&url=https%3A%2F%2Fwww.trendyol.com%2Fpasyone%2Fbej-kadin-sneaker-gunluk-ayakkabi-p-831888656
2025-11-02 17:14:54.761 | INFO     | __main__:get_product_price:37 - Fetching price for https://www.trendyol.com/pasyone/lacivert-kadin-sneaker-gunluk-ayakkabi-p-891728961
2025-11-02 17:14:55.840 | ERROR    | __main__:get_product_price:62 - Error fetching https://www.trendyol.com/pasyone/lacivert-kadin-sneaker-gunluk-ayakkabi-p-891728961: 401 Client Error: Unauthorized for url: http://api.scraperapi.com/?api_key=YOUR_SCRAPER_API_KEY&url=https%3A%2F%2Fwww.trendyol.com%2Fpasyone%2Flacivert-kadin-sneaker-gunluk-ayakkabi-p-891728961
2025-11-02 17:15:00.842 | INFO     | __main__:get_product_price:37 - Fetching price for https://www.trendyol.com/pasyone/siyah-kadin-fileli-gunluk-ayakkabi-p-861184481
2025-11-02 17:15:00.955 | ERROR    | __main__:get_product_price:62 - Error fetching https://www.trendyol.com/pasyone/siyah-kadin-fileli-gunluk-ayakkabi-p-861184481: 401 Client Error: Unauthorized for url: http://api.scraperapi.com/?api_key=YOUR_SCRAPER_API_KEY&url=https%3A%2F%2Fwww.trendyol.com%2Fpasyone%2Fsiyah-kadin-fileli-gunluk-ayakkabi-p-861184481
2025-11-02 17:15:05.956 | INFO     | __main__:get_product_price:37 - Fetching price for https://www.trendyol.com/riccon/unisex-siyah-sneaker-0012072-p-37155275
2025-11-02 17:15:06.064 | ERROR    | __main__:get_product_price:62 - Error fetching https://www.trendyol.com/riccon/unisex-siyah-sneaker-0012072-p-37155275: 401 Client Error: Unauthorized for url: http://api.scraperapi.com/?api_key=YOUR_SCRAPER_API_KEY&url=https%3A%2F%2Fwww.trendyol.com%2Friccon%2Funisex-siyah-sneaker-0012072-p-37155275
2025-11-02 17:15:11.064 | INFO     | __main__:get_product_price:37 - Fetching price for https://www.trendyol.com/rimex/kadin-kahverengi-spor-ayakkabi-p-153711534
2025-11-02 17:15:11.334 | ERROR    | __main__:get_product_price:62 - Error fetching https://www.trendyol.com/rimex/kadin-kahverengi-spor-ayakkabi-p-153711534: 401 Client Error: Unauthorized for url: http://api.scraperapi.com/?api_key=YOUR_SCRAPER_API_KEY&url=https%3A%2F%2Fwww.trendyol.com%2Frimex%2Fkadin-kahverengi-spor-ayakkabi-p-153711534
2025-11-02 17:15:16.334 | INFO     | __main__:get_product_price:37 - Fetching price for https://www.trendyol.com/shupe/kadin-beyaz-siyah-spor-ayakkabi-sneaker-p-951532074
2025-11-02 17:15:18.104 | ERROR    | __main__:get_product_price:62 - Error fetching https://www.trendyol.com/shupe/kadin-beyaz-siyah-spor-ayakkabi-sneaker-p-951532074: 401 Client Error: Unauthorized for url: http://api.scraperapi.com/?api_key=YOUR_SCRAPER_API_KEY&url=https%3A%2F%2Fwww.trendyol.com%2Fshupe%2Fkadin-beyaz-siyah-spor-ayakkabi-sneaker-p-951532074
2025-11-02 17:15:23.105 | INFO     | __main__:get_product_price:37 - Fetching price for https://www.trendyol.com/shupe/kadin-gri-spor-ayakkabi-tas-gri-beyaz-sneaker-p-951536526
2025-11-02 17:15:23.387 | ERROR    | __main__:get_product_price:62 - Error fetching https://www.trendyol.com/shupe/kadin-gri-spor-ayakkabi-tas-gri-beyaz-sneaker-p-951536526: 401 Client Error: Unauthorized for url: http://api.scraperapi.com/?api_key=YOUR_SCRAPER_API_KEY&url=https%3A%2F%2Fwww.trendyol.com%2Fshupe%2Fkadin-gri-spor-ayakkabi-tas-gri-beyaz-sneaker-p-951536526
2025-11-02 17:15:28.388 | INFO     | __main__:get_product_price:37 - Fetching price for https://www.trendyol.com/shupe/kadin-siyah-beyaz-spor-ayakkabi-sneaker-p-951532020
2025-11-02 17:15:29.543 | ERROR    | __main__:get_product_price:62 - Error fetching https://www.trendyol.com/shupe/kadin-siyah-beyaz-spor-ayakkabi-sneaker-p-951532020: 401 Client Error: Unauthorized for url: http://api.scraperapi.com/?api_key=YOUR_SCRAPER_API_KEY&url=https%3A%2F%2Fwww.trendyol.com%2Fshupe%2Fkadin-siyah-beyaz-spor-ayakkabi-sneaker-p-951532020
2025-11-02 17:15:34.544 | INFO     | __main__:get_product_price:37 - Fetching price for https://www.trendyol.com/shupe/unisex-siyah-beyaz-bogazli-model-keten-spor-ayakkabi-sneaker-p-73558503
2025-11-02 17:15:35.649 | ERROR    | __main__:get_product_price:62 - Error fetching https://www.trendyol.com/shupe/unisex-siyah-beyaz-bogazli-model-keten-spor-ayakkabi-sneaker-p-73558503: 401 Client Error: Unauthorized for url: http://api.scraperapi.com/?api_key=YOUR_SCRAPER_API_KEY&url=https%3A%2F%2Fwww.trendyol.com%2Fshupe%2Funisex-siyah-beyaz-bogazli-model-keten-spor-ayakkabi-sneaker-p-73558503
2025-11-02 17:15:40.650 | INFO     | __main__:get_product_price:37 - Fetching price for https://www.trendyol.com/tonny-black/unisex-beyaz-siyah-termo-taban-yani-seritli-bagcikli-spor-ayakkabi-p-879885114
2025-11-02 17:15:40.754 | ERROR    | __main__:get_product_price:62 - Error fetching https://www.trendyol.com/tonny-black/unisex-beyaz-siyah-termo-taban-yani-seritli-bagcikli-spor-ayakkabi-p-879885114: 401 Client Error: Unauthorized for url: http://api.scraperapi.com/?api_key=YOUR_SCRAPER_API_KEY&url=https%3A%2F%2Fwww.trendyol.com%2Ftonny-black%2Funisex-beyaz-siyah-termo-taban-yani-seritli-bagcikli-spor-ayakkabi-p-879885114
2025-11-02 17:15:45.755 | INFO     | __main__:main:92 - Price tracking task finished.
